[18-May-2026 17:12:49 Europe/Berlin] PHP Fatal error:  Uncaught mysqli_sql_exception: No connection could be made because the target machine actively refused it in C:\xampp\htdocs\Library_management_system\classes\Database.php:20
Stack trace:
#0 C:\xampp\htdocs\Library_management_system\classes\Database.php(20): mysqli->__construct('localhost', 'root', Object(SensitiveParameterValue), 'final', '3306')
#1 C:\xampp\htdocs\Library_management_system\classes\Database.php(9): Database->connect()
#2 C:\xampp\htdocs\Library_management_system\classes\Database.php(14): Database->__construct()
#3 C:\xampp\htdocs\Library_management_system\classes\Session.php(9): Database::getInstance()
#4 C:\xampp\htdocs\Library_management_system\public\index.php(6): Session->__construct()
#5 C:\xampp\htdocs\Library_management_system\index.php(2): require('C:\\xampp\\htdocs...')
#6 {main}
  thrown in C:\xampp\htdocs\Library_management_system\classes\Database.php on line 20
[19-May-2026 06:21:11 Europe/Berlin] PHP Fatal error:  Uncaught mysqli_sql_exception: Table 'final.wishlist' doesn't exist in C:\yoo\htdocs\Library_management_system\classes\Wishlist.php:93
Stack trace:
#0 C:\yoo\htdocs\Library_management_system\classes\Wishlist.php(93): mysqli->prepare('SELECT COUNT(*)...')
#1 C:\yoo\htdocs\Library_management_system\public\index.php(62): Wishlist->getCount(3)
#2 C:\yoo\htdocs\Library_management_system\index.php(2): require('C:\\yoo\\htdocs\\L...')
#3 {main}
  thrown in C:\yoo\htdocs\Library_management_system\classes\Wishlist.php on line 93
[19-May-2026 06:21:13 Europe/Berlin] PHP Fatal error:  Uncaught mysqli_sql_exception: Table 'final.wishlist' doesn't exist in C:\yoo\htdocs\Library_management_system\classes\Wishlist.php:93
Stack trace:
#0 C:\yoo\htdocs\Library_management_system\classes\Wishlist.php(93): mysqli->prepare('SELECT COUNT(*)...')
#1 C:\yoo\htdocs\Library_management_system\public\index.php(62): Wishlist->getCount(3)
#2 C:\yoo\htdocs\Library_management_system\index.php(2): require('C:\\yoo\\htdocs\\L...')
#3 {main}
  thrown in C:\yoo\htdocs\Library_management_system\classes\Wishlist.php on line 93
[19-May-2026 06:21:14 Europe/Berlin] PHP Fatal error:  Uncaught mysqli_sql_exception: Table 'final.wishlist' doesn't exist in C:\yoo\htdocs\Library_management_system\classes\Wishlist.php:93
Stack trace:
#0 C:\yoo\htdocs\Library_management_system\classes\Wishlist.php(93): mysqli->prepare('SELECT COUNT(*)...')
#1 C:\yoo\htdocs\Library_management_system\public\index.php(62): Wishlist->getCount(3)
#2 C:\yoo\htdocs\Library_management_system\index.php(2): require('C:\\yoo\\htdocs\\L...')
#3 {main}
  thrown in C:\yoo\htdocs\Library_management_system\classes\Wishlist.php on line 93
[19-May-2026 06:21:26 Europe/Berlin] PHP Fatal error:  Uncaught mysqli_sql_exception: Table 'final.wishlist' doesn't exist in C:\yoo\htdocs\Library_management_system\classes\Wishlist.php:93
Stack trace:
#0 C:\yoo\htdocs\Library_management_system\classes\Wishlist.php(93): mysqli->prepare('SELECT COUNT(*)...')
#1 C:\yoo\htdocs\Library_management_system\public\index.php(62): Wishlist->getCount(3)
#2 C:\yoo\htdocs\Library_management_system\index.php(2): require('C:\\yoo\\htdocs\\L...')
#3 {main}
  thrown in C:\yoo\htdocs\Library_management_system\classes\Wishlist.php on line 93
[19-May-2026 06:23:59 Europe/Berlin] PHP Fatal error:  Uncaught mysqli_sql_exception: Table 'final.wishlist' doesn't exist in C:\yoo\htdocs\Library_management_system\classes\Wishlist.php:93
Stack trace:
#0 C:\yoo\htdocs\Library_management_system\classes\Wishlist.php(93): mysqli->prepare('SELECT COUNT(*)...')
#1 C:\yoo\htdocs\Library_management_system\public\index.php(62): Wishlist->getCount(3)
#2 C:\yoo\htdocs\Library_management_system\index.php(2): require('C:\\yoo\\htdocs\\L...')
#3 {main}
  thrown in C:\yoo\htdocs\Library_management_system\classes\Wishlist.php on line 93
[19-May-2026 06:35:26 Europe/Berlin] PHP Warning:  Undefined array key "access_id" in C:\xampp\htdocs\Library_management_system\classes\DigitalLibrary.php on line 163
[19-May-2026 06:35:27 Europe/Berlin] PHP Warning:  Undefined array key "access_id" in C:\xampp\htdocs\Library_management_system\classes\DigitalLibrary.php on line 163
[19-May-2026 06:35:29 Europe/Berlin] PHP Warning:  Undefined array key "access_id" in C:\xampp\htdocs\Library_management_system\classes\DigitalLibrary.php on line 163
[19-May-2026 06:36:04 Europe/Berlin] PHP Warning:  Undefined array key "access_id" in C:\xampp\htdocs\Library_management_system\classes\DigitalLibrary.php on line 163
[19-May-2026 08:09:12 Europe/Berlin] PHP Warning:  Undefined array key "access_id" in C:\xampp\htdocs\Library_management_system\classes\DigitalLibrary.php on line 163
[19-May-2026 08:09:18 Europe/Berlin] PHP Warning:  Undefined array key "access_id" in C:\xampp\htdocs\Library_management_system\classes\DigitalLibrary.php on line 163
[19-May-2026 08:09:19 Europe/Berlin] PHP Warning:  Undefined array key "access_id" in C:\xampp\htdocs\Library_management_system\classes\DigitalLibrary.php on line 163
[19-May-2026 08:11:20 Europe/Berlin] PHP Warning:  Undefined array key "access_id" in C:\xampp\htdocs\Library_management_system\classes\DigitalLibrary.php on line 163
[19-May-2026 11:56:28 Europe/Berlin] PHP Warning:  Undefined array key "access_id" in C:\xampp\htdocs\Library_management_system\classes\DigitalLibrary.php on line 163
[19-May-2026 11:57:28 Europe/Berlin] PHP Warning:  Undefined array key "access_id" in C:\xampp\htdocs\Library_management_system\classes\DigitalLibrary.php on line 163
[19-May-2026 11:57:33 Europe/Berlin] PHP Warning:  Undefined array key "access_id" in C:\xampp\htdocs\Library_management_system\classes\DigitalLibrary.php on line 163
[19-May-2026 11:57:33 Europe/Berlin] PHP Warning:  Undefined array key "access_id" in C:\xampp\htdocs\Library_management_system\classes\DigitalLibrary.php on line 163
[19-May-2026 11:57:39 Europe/Berlin] PHP Warning:  Undefined array key "access_id" in C:\xampp\htdocs\Library_management_system\classes\DigitalLibrary.php on line 163
[19-May-2026 11:58:24 Europe/Berlin] PHP Warning:  Undefined array key "access_id" in C:\xampp\htdocs\Library_management_system\classes\DigitalLibrary.php on line 163
[19-May-2026 11:58:30 Europe/Berlin] PHP Warning:  Undefined array key "access_id" in C:\xampp\htdocs\Library_management_system\classes\DigitalLibrary.php on line 163
[19-May-2026 11:58:31 Europe/Berlin] PHP Warning:  Undefined array key "access_id" in C:\xampp\htdocs\Library_management_system\classes\DigitalLibrary.php on line 163
[19-May-2026 11:58:34 Europe/Berlin] PHP Warning:  Undefined array key "access_id" in C:\xampp\htdocs\Library_management_system\classes\DigitalLibrary.php on line 163
